SQL> exec war_master.buy('MADERA',20000,1);

PL/SQL procedure successfully completed.

SQL>  exec war_master.buy('HIERRO',30000,1);

PL/SQL procedure successfully completed.

SQL> exec war_master.buy('MADERA',12000,12);

PL/SQL procedure successfully completed.

SQL> exec war_master.buy('HIERRO',10000,12);

PL/SQL procedure successfully completed.

SQL> exec war_master.train('knight',10,11);

PL/SQL procedure successfully completed.

SQL> exec war_master.buy('MADERA',15000,11);

PL/SQL procedure successfully completed.

SQL> exec war_master.train('archers',40,10);

PL/SQL procedure successfully completed.

SQL> exec war_master.train('mages',30,10);
BEGIN war_master.train('mages',30,10); END;

*
ERROR at line 1:
ORA-06592: CASE not found while executing CASE statement 
ORA-06512: at "WAR_MASTER.TRAIN", line 39 
ORA-06512: at line 1 


SQL> exec war_master.train('wizards',30,10);

PL/SQL procedure successfully completed.

SQL> exec war_master.train('pikemen',50,9);

PL/SQL procedure successfully completed.

SQL> exec war_master.defences('towers',4,9);

PL/SQL procedure successfully completed.

SQL> exec war_master.buy('HIERRO',6000,8);

PL/SQL procedure successfully completed.

SQL> exec war_master.defences('cannons',6,8);

PL/SQL procedure successfully completed.

SQL> exec war_master.train('knight',60,7);

PL/SQL procedure successfully completed.

SQL> exec war_master.train('wizards',40,7);

PL/SQL procedure successfully completed.

SQL> exec war_master.sell('HIERRO',4000,6);

PL/SQL procedure successfully completed.

SQL> exec war_master.defences('towers',30,6);
NO tienes suficientes recursos para realizar la transaccion o la cantidad construida es invalida    

PL/SQL procedure successfully completed.

SQL> exec war_master.train('archers',50,5);

PL/SQL procedure successfully completed.

SQL> exec war_master.train('pikemen',50,5);

PL/SQL procedure successfully completed.

SQL> exec war_master.defences('cannons',15,4);
NO tienes suficientes recursos para realizar la transaccion o la cantidad construida es invalida    

PL/SQL procedure successfully completed.

SQL>  exec war_master.upgrade('DEFENSE',4);

PL/SQL procedure successfully completed.

SQL> exec war_master.train('pikemen',60,3);

PL/SQL procedure successfully completed.

SQL> exec war_master.upgrade('ATTACK',3);

PL/SQL procedure successfully completed.

SQL> exec war_master.train('archers',0,2);
You do not have enough materials to execute this transaction or the amount trained is unvalid       

PL/SQL procedure successfully completed.

SQL> exec war_master.train('pikemen',0,2);
You do not have enough materials to execute this transaction or the amount trained is unvalid       

PL/SQL procedure successfully completed.

SQL> exec war_master.monitor
Reserva Central                                                                                     
-----------------------------------                                                                 
Cantidad de oro:     5297762                                                                        
Cantidad de madera:  1985500                                                                        
Cantidad de hierro:  1992350                                                                        
Precio de la madera: 2,05                                                                           
Precio del hierro:   4,051                                                                          
-----------------------------------                                                                 
Ranking de reinos                                                                                   
--------------------------------------------------                                                  
Reino: Acuario              Puntaje: 122120                                                         
Reino: Capricornio          Puntaje: 73410                                                          
Reino: Sagitario            Puntaje: 57367,35                                                       
Reino: Leo                  Puntaje: 45178,1                                                        
Reino: Tauro                Puntaje: 41248,675                                                      
Reino: Piscis               Puntaje: 40755                                                          
Reino: Escorpio             Puntaje: 33388,45                                                       
Reino: Aries                Puntaje: 33045,6                                                        
Reino: Cancer               Puntaje: 32753                                                          
Reino: Geminis              Puntaje: 27790                                                          
Reino: Virgo                Puntaje: 26777                                                          
Reino: Libra                Puntaje: 24484,4                                                        
--------------------------------------------------                                                  
Bitacora                                                                                            
Reino        Fecha/Hora                     Oro        Madera     Hierro     Coronas   Tipo         
------------------------------------------------------------------------------------------          
Acuario      19/08/18 08:02:30,597000 PM     20000      0          5         CMP                    
Acuario      19/08/18 08:02:38,152000 PM     0          30000      5         CMP                    
Capricornio  19/08/18 08:02:44,182000 PM     12000      0          5         CMP                    
Capricornio  19/08/18 08:02:51,705000 PM     0          10000      5         CMP                    
Sagitario    19/08/18 08:02:57,519000 PM    1000       200        300        50        TRP          
Sagitario    19/08/18 08:03:05,704000 PM     15000      0          5         CMP                    
Escorpio     19/08/18 08:03:13,034000 PM    800        4000       1600       80        TRP          
Escorpio     19/08/18 08:03:33,694000 PM    1500       1500       1500       30        TRP          
Libra        19/08/18 08:03:49,745000 PM    1250       3500       3000       150       TRP          
Libra        19/08/18 08:03:55,769000 PM    8000       4000       3200       80        DEF          
Virgo        19/08/18 08:04:02,124000 PM     0          6000       5         CMP                    
Virgo        19/08/18 08:04:08,728000 PM    6000       3000       12000      120       DEF          
Leo          19/08/18 08:04:14,925000 PM    6000       1200       1800       300       TRP          
Leo          19/08/18 08:04:20,488000 PM    2000       2000       2000       40        TRP          
Cancer       19/08/18 08:04:26,311000 PM     0          4000       10        VTA                    
Geminis      19/08/18 08:04:39,749000 PM    1000       5000       2000       100       TRP          
Geminis      19/08/18 08:04:50,559000 PM    1250       3500       3000       150       TRP          
Tauro        19/08/18 08:05:06,614000 PM    2000       100        150        40        M+D          
Aries        19/08/18 08:05:12,145000 PM    1500       4200       3600       180       TRP          
Aries        19/08/18 08:05:18,220000 PM    1500       300        200        5         M+A          
------------------------------------------------------------------------------------------          

PL/SQL procedure successfully completed.

SQL> exec war_master.defences('cannons',10,1);
NO tienes suficientes recursos para realizar la transaccion o la cantidad construida es invalida    

PL/SQL procedure successfully completed.

SQL> exec war_master.defences('towers',10,1);
NO tienes suficientes recursos para realizar la transaccion o la cantidad construida es invalida    

PL/SQL procedure successfully completed.

SQL> exec war_master.train('archers',60,12);
You do not have enough materials to execute this transaction or the amount trained is unvalid       

PL/SQL procedure successfully completed.

SQL> exec war_master.train('knight',40,12);
You do not have enough materials to execute this transaction or the amount trained is unvalid       

PL/SQL procedure successfully completed.

SQL> exec war_master.train('wizards',10,11);

PL/SQL procedure successfully completed.

SQL> exec war_master.upgrade('ATTACK',11);

PL/SQL procedure successfully completed.

SQL> exec war_master.upgrade('ATTACK',10);

PL/SQL procedure successfully completed.

SQL> exec war_master.upgrade('ATTACK',10);

PL/SQL procedure successfully completed.

SQL> exec war_master.train('wizards',20,9);

PL/SQL procedure successfully completed.

SQL>  exec war_master.upgrade('DEFENSE',9);

PL/SQL procedure successfully completed.

SQL> exec war_master.defences('cannons',20,8);
NO tienes suficientes recursos para realizar la transaccion o la cantidad construida es invalida    

PL/SQL procedure successfully completed.

SQL>  exec war_master.upgrade('DEFENSE',8);

PL/SQL procedure successfully completed.

SQL> exec war_master.train('pikemen',40,7);

PL/SQL procedure successfully completed.

SQL> exec war_master.upgrade('ATTACK',7);

PL/SQL procedure successfully completed.

SQL> exec war_master.defences('cannons',25,6);
NO tienes suficientes recursos para realizar la transaccion o la cantidad construida es invalida    

PL/SQL procedure successfully completed.

SQL>  exec war_master.upgrade('DEFENSE',6);

PL/SQL procedure successfully completed.

SQL> exec war_master.train('wizards',20,5);

PL/SQL procedure successfully completed.

SQL> exec war_master.train('knight',30,5);

PL/SQL procedure successfully completed.

SQL> exec war_master.sell('HIERRO',50000,4);

PL/SQL procedure successfully completed.

SQL> exec war_master.sell('MADERA',50000,4);

PL/SQL procedure successfully completed.

SQL> select * from kingdoms where id_kingdom = 4;

ID_KINGDOM NAME                                                                                     
---------- --------------------                                                                     
LOGO                                                                                                
----------------------------------------------------------------------------------------------------
MON       GOLD       IRON       WOOD    DEFENSE     ATTACK    ARCHERS    PIKEMEN    KNIGHTS         
--- ---------- ---------- ---------- ---------- ---------- ---------- ---------- ----------         
   WIZARDS     CROWNS     TOWERS    CANNONS                                                         
---------- ---------- ---------- ----------                                                         
         4 Tauro                                                                                    
                                                                                                    
Apr     343050     -40150     -30100        500          0          0          0          0         
         0         60          0          0                                                         
                                                                                                    

SQL> spool off
